Analysis & Synthesis report for DE2_115
Mon Oct 10 16:26:43 2022
Quartus II 64-Bit Version 15.0.0 Build 145 04/22/2015 SJ Full Version


---------------------
; Table of Contents ;
---------------------
  1. Legal Notice
  2. Analysis & Synthesis Summary
  3. Analysis & Synthesis Settings
  4. Parallel Compilation
  5. Analysis & Synthesis Messages



----------------
; Legal Notice ;
----------------
Copyright (C) 1991-2015 Altera Corporation. All rights reserved.
Your use of Altera Corporation's design tools, logic functions 
and other software and tools, and its AMPP partner logic 
functions, and any output files from any of the foregoing 
(including device programming or simulation files), and any 
associated documentation or information are expressly subject 
to the terms and conditions of the Altera Program License 
Subscription Agreement, the Altera Quartus II License Agreement,
the Altera MegaCore Function License Agreement, or other 
applicable license agreement, including, without limitation, 
that your use is for the sole purpose of programming logic 
devices manufactured by Altera and sold by Altera or its 
authorized distributors.  Please refer to the applicable 
agreement for further details.



+----------------------------------------------------------------------------------+
; Analysis & Synthesis Summary                                                     ;
+------------------------------------+---------------------------------------------+
; Analysis & Synthesis Status        ; Failed - Mon Oct 10 16:26:43 2022           ;
; Quartus II 64-Bit Version          ; 15.0.0 Build 145 04/22/2015 SJ Full Version ;
; Revision Name                      ; DE2_115                                     ;
; Top-level Entity Name              ; DE2_115                                     ;
; Family                             ; Cyclone IV E                                ;
; Total logic elements               ; N/A until Partition Merge                   ;
;     Total combinational functions  ; N/A until Partition Merge                   ;
;     Dedicated logic registers      ; N/A until Partition Merge                   ;
; Total registers                    ; N/A until Partition Merge                   ;
; Total pins                         ; N/A until Partition Merge                   ;
; Total virtual pins                 ; N/A until Partition Merge                   ;
; Total memory bits                  ; N/A until Partition Merge                   ;
; Embedded Multiplier 9-bit elements ; N/A until Partition Merge                   ;
; Total PLLs                         ; N/A until Partition Merge                   ;
+------------------------------------+---------------------------------------------+


+----------------------------------------------------------------------------------------------------------------------+
; Analysis & Synthesis Settings                                                                                        ;
+----------------------------------------------------------------------------+--------------------+--------------------+
; Option                                                                     ; Setting            ; Default Value      ;
+----------------------------------------------------------------------------+--------------------+--------------------+
; Device                                                                     ; EP4CE115F29C7      ;                    ;
; Top-level entity name                                                      ; DE2_115            ; DE2_115            ;
; Family name                                                                ; Cyclone IV E       ; Cyclone V          ;
; Use smart compilation                                                      ; Off                ; Off                ;
; Enable parallel Assembler and TimeQuest Timing Analyzer during compilation ; On                 ; On                 ;
; Enable compact report table                                                ; Off                ; Off                ;
; Restructure Multiplexers                                                   ; Auto               ; Auto               ;
; Create Debugging Nodes for IP Cores                                        ; Off                ; Off                ;
; Preserve fewer node names                                                  ; On                 ; On                 ;
; Disable OpenCore Plus hardware evaluation                                  ; Off                ; Off                ;
; Verilog Version                                                            ; Verilog_2001       ; Verilog_2001       ;
; VHDL Version                                                               ; VHDL_1993          ; VHDL_1993          ;
; State Machine Processing                                                   ; Auto               ; Auto               ;
; Safe State Machine                                                         ; Off                ; Off                ;
; Extract Verilog State Machines                                             ; On                 ; On                 ;
; Extract VHDL State Machines                                                ; On                 ; On                 ;
; Ignore Verilog initial constructs                                          ; Off                ; Off                ;
; Iteration limit for constant Verilog loops                                 ; 5000               ; 5000               ;
; Iteration limit for non-constant Verilog loops                             ; 250                ; 250                ;
; Add Pass-Through Logic to Inferred RAMs                                    ; On                 ; On                 ;
; Infer RAMs from Raw Logic                                                  ; On                 ; On                 ;
; Parallel Synthesis                                                         ; On                 ; On                 ;
; DSP Block Balancing                                                        ; Auto               ; Auto               ;
; NOT Gate Push-Back                                                         ; On                 ; On                 ;
; Power-Up Don't Care                                                        ; On                 ; On                 ;
; Remove Redundant Logic Cells                                               ; Off                ; Off                ;
; Remove Duplicate Registers                                                 ; On                 ; On                 ;
; Ignore CARRY Buffers                                                       ; Off                ; Off                ;
; Ignore CASCADE Buffers                                                     ; Off                ; Off                ;
; Ignore GLOBAL Buffers                                                      ; Off                ; Off                ;
; Ignore ROW GLOBAL Buffers                                                  ; Off                ; Off                ;
; Ignore LCELL Buffers                                                       ; Off                ; Off                ;
; Ignore SOFT Buffers                                                        ; On                 ; On                 ;
; Limit AHDL Integers to 32 Bits                                             ; Off                ; Off                ;
; Optimization Technique                                                     ; Balanced           ; Balanced           ;
; Carry Chain Length                                                         ; 70                 ; 70                 ;
; Auto Carry Chains                                                          ; On                 ; On                 ;
; Auto Open-Drain Pins                                                       ; On                 ; On                 ;
; Perform WYSIWYG Primitive Resynthesis                                      ; Off                ; Off                ;
; Auto ROM Replacement                                                       ; On                 ; On                 ;
; Auto RAM Replacement                                                       ; On                 ; On                 ;
; Auto DSP Block Replacement                                                 ; On                 ; On                 ;
; Auto Shift Register Replacement                                            ; Auto               ; Auto               ;
; Allow Shift Register Merging across Hierarchies                            ; Auto               ; Auto               ;
; Auto Clock Enable Replacement                                              ; On                 ; On                 ;
; Strict RAM Replacement                                                     ; Off                ; Off                ;
; Allow Synchronous Control Signals                                          ; On                 ; On                 ;
; Force Use of Synchronous Clear Signals                                     ; Off                ; Off                ;
; Auto RAM Block Balancing                                                   ; On                 ; On                 ;
; Auto RAM to Logic Cell Conversion                                          ; Off                ; Off                ;
; Auto Resource Sharing                                                      ; Off                ; Off                ;
; Allow Any RAM Size For Recognition                                         ; Off                ; Off                ;
; Allow Any ROM Size For Recognition                                         ; Off                ; Off                ;
; Allow Any Shift Register Size For Recognition                              ; Off                ; Off                ;
; Use LogicLock Constraints during Resource Balancing                        ; On                 ; On                 ;
; Ignore translate_off and synthesis_off directives                          ; Off                ; Off                ;
; Timing-Driven Synthesis                                                    ; On                 ; On                 ;
; Report Parameter Settings                                                  ; On                 ; On                 ;
; Report Source Assignments                                                  ; On                 ; On                 ;
; Report Connectivity Checks                                                 ; On                 ; On                 ;
; Ignore Maximum Fan-Out Assignments                                         ; Off                ; Off                ;
; Synchronization Register Chain Length                                      ; 2                  ; 2                  ;
; PowerPlay Power Optimization During Synthesis                              ; Normal compilation ; Normal compilation ;
; HDL message level                                                          ; Level2             ; Level2             ;
; Suppress Register Optimization Related Messages                            ; Off                ; Off                ;
; Number of Removed Registers Reported in Synthesis Report                   ; 5000               ; 5000               ;
; Number of Swept Nodes Reported in Synthesis Report                         ; 5000               ; 5000               ;
; Number of Inverted Registers Reported in Synthesis Report                  ; 100                ; 100                ;
; Clock MUX Protection                                                       ; On                 ; On                 ;
; Auto Gated Clock Conversion                                                ; Off                ; Off                ;
; Block Design Naming                                                        ; Auto               ; Auto               ;
; SDC constraint protection                                                  ; Off                ; Off                ;
; Synthesis Effort                                                           ; Auto               ; Auto               ;
; Shift Register Replacement - Allow Asynchronous Clear Signal               ; On                 ; On                 ;
; Pre-Mapping Resynthesis Optimization                                       ; Off                ; Off                ;
; Analysis & Synthesis Message Level                                         ; Medium             ; Medium             ;
; Disable Register Merging Across Hierarchies                                ; Auto               ; Auto               ;
; Resource Aware Inference For Block RAM                                     ; On                 ; On                 ;
; Synthesis Seed                                                             ; 1                  ; 1                  ;
+----------------------------------------------------------------------------+--------------------+--------------------+


+------------------------------------------+
; Parallel Compilation                     ;
+----------------------------+-------------+
; Processors                 ; Number      ;
+----------------------------+-------------+
; Number detected on machine ; 8           ;
; Maximum allowed            ; 4           ;
;                            ;             ;
; Average used               ; 1.00        ;
; Maximum used               ; 1           ;
;                            ;             ;
; Usage by Processor         ; % Time Used ;
;     Processor 1            ; 100.0%      ;
;     Processors 2-8         ;   0.0%      ;
+----------------------------+-------------+


+-------------------------------+
; Analysis & Synthesis Messages ;
+-------------------------------+
Info: *******************************************************************
Info: Running Quartus II 64-Bit Analysis & Synthesis
    Info: Version 15.0.0 Build 145 04/22/2015 SJ Full Version
    Info: Processing started: Mon Oct 10 16:26:32 2022
Info: Command: quartus_map --read_settings_files=on --write_settings_files=off DE2_115 -c DE2_115
Info (11104): Parallel Compilation has detected 8 hyper-threaded processors. However, the extra hyper-threaded processors will not be used by default. Parallel Compilation will use 4 of the 4 physical processors detected instead.
Info (12021): Found 1 design units, including 1 entities, in source file /users/team06/desktop/digital-circuit/lab2/rsa_qsys/synthesis/rsa_qsys.v
    Info (12023): Found entity 1: rsa_qsys
Info (12021): Found 1 design units, including 1 entities, in source file /users/team06/desktop/digital-circuit/lab2/rsa_qsys/synthesis/rsa_qsys.v
    Info (12023): Found entity 1: rsa_qsys
Info (12021): Found 1 design units, including 1 entities, in source file /users/team06/desktop/digital-circuit/lab2/rsa_qsys/synthesis/submodules/altera_reset_controller.v
    Info (12023): Found entity 1: altera_reset_controller
Info (12021): Found 1 design units, including 1 entities, in source file /users/team06/desktop/digital-circuit/lab2/rsa_qsys/synthesis/submodules/altera_reset_synchronizer.v
    Info (12023): Found entity 1: altera_reset_synchronizer
Info (12021): Found 1 design units, including 1 entities, in source file /users/team06/desktop/digital-circuit/lab2/rsa_qsys/synthesis/submodules/rsa_qsys_mm_interconnect_0.v
    Info (12023): Found entity 1: rsa_qsys_mm_interconnect_0
Info (12021): Found 1 design units, including 1 entities, in source file /users/team06/desktop/digital-circuit/lab2/rsa_qsys/synthesis/submodules/altera_merlin_slave_translator.sv
    Info (12023): Found entity 1: altera_merlin_slave_translator
Info (12021): Found 1 design units, including 1 entities, in source file /users/team06/desktop/digital-circuit/lab2/rsa_qsys/synthesis/submodules/altera_merlin_master_translator.sv
    Info (12023): Found entity 1: altera_merlin_master_translator
Info (12021): Found 5 design units, including 5 entities, in source file /users/team06/desktop/digital-circuit/lab2/rsa_qsys/synthesis/submodules/rsa_qsys_uart_0.v
    Info (12023): Found entity 1: rsa_qsys_uart_0_tx
    Info (12023): Found entity 2: rsa_qsys_uart_0_rx_stimulus_source
    Info (12023): Found entity 3: rsa_qsys_uart_0_rx
    Info (12023): Found entity 4: rsa_qsys_uart_0_regs
    Info (12023): Found entity 5: rsa_qsys_uart_0
Info (12021): Found 4 design units, including 4 entities, in source file /users/team06/desktop/digital-circuit/lab2/rsa_qsys/synthesis/submodules/rsa_qsys_altpll_0.v
    Info (12023): Found entity 1: rsa_qsys_altpll_0_dffpipe_l2c
    Info (12023): Found entity 2: rsa_qsys_altpll_0_stdsync_sv6
    Info (12023): Found entity 3: rsa_qsys_altpll_0_altpll_n342
    Info (12023): Found entity 4: rsa_qsys_altpll_0
Info (12021): Found 3 design units, including 3 entities, in source file /users/team06/desktop/digital-circuit/lab2/rsa_qsys/synthesis/submodules/rsa256core.sv
    Info (12023): Found entity 1: RsaMont
    Info (12023): Found entity 2: RsaPrep
    Info (12023): Found entity 3: Rsa256Core
Info (12021): Found 1 design units, including 1 entities, in source file /users/team06/desktop/digital-circuit/lab2/rsa_qsys/synthesis/submodules/rsa256wrapper.sv
    Info (12023): Found entity 1: Rsa256Wrapper
Info (12021): Found 1 design units, including 1 entities, in source file de2_115/de2_115.sv
    Info (12023): Found entity 1: DE2_115
Info (12021): Found 1 design units, including 1 entities, in source file rsa256wrapper.sv
    Info (12023): Found entity 1: Rsa256Wrapper
Info (12021): Found 3 design units, including 3 entities, in source file rsa256core.sv
    Info (12023): Found entity 1: RsaMont
    Info (12023): Found entity 2: RsaPrep
    Info (12023): Found entity 3: Rsa256Core
Info (12127): Elaborating entity "DE2_115" for the top level hierarchy
Warning (10034): Output port "LEDG" at DE2_115.sv(8) has no driver
Warning (10034): Output port "LEDR" at DE2_115.sv(9) has no driver
Warning (10034): Output port "HEX0" at DE2_115.sv(12) has no driver
Warning (10034): Output port "HEX1" at DE2_115.sv(13) has no driver
Warning (10034): Output port "HEX2" at DE2_115.sv(14) has no driver
Warning (10034): Output port "HEX3" at DE2_115.sv(15) has no driver
Warning (10034): Output port "HEX4" at DE2_115.sv(16) has no driver
Warning (10034): Output port "HEX5" at DE2_115.sv(17) has no driver
Warning (10034): Output port "HEX6" at DE2_115.sv(18) has no driver
Warning (10034): Output port "HEX7" at DE2_115.sv(19) has no driver
Warning (10034): Output port "VGA_B" at DE2_115.sv(38) has no driver
Warning (10034): Output port "VGA_G" at DE2_115.sv(41) has no driver
Warning (10034): Output port "VGA_R" at DE2_115.sv(43) has no driver
Warning (10034): Output port "ENET0_TX_DATA" at DE2_115.sv(68) has no driver
Warning (10034): Output port "ENET1_TX_DATA" at DE2_115.sv(84) has no driver
Warning (10034): Output port "OTG_ADDR" at DE2_115.sv(94) has no driver
Warning (10034): Output port "DRAM_ADDR" at DE2_115.sv(101) has no driver
Warning (10034): Output port "DRAM_BA" at DE2_115.sv(102) has no driver
Warning (10034): Output port "DRAM_DQM" at DE2_115.sv(108) has no driver
Warning (10034): Output port "SRAM_ADDR" at DE2_115.sv(111) has no driver
Warning (10034): Output port "FL_ADDR" at DE2_115.sv(118) has no driver
Warning (10034): Output port "HSMC_TX_D_P" at DE2_115.sv(135) has no driver
Warning (10034): Output port "SMA_CLKOUT" at DE2_115.sv(7) has no driver
Warning (10034): Output port "LCD_BLON" at DE2_115.sv(20) has no driver
Warning (10034): Output port "LCD_EN" at DE2_115.sv(22) has no driver
Warning (10034): Output port "LCD_ON" at DE2_115.sv(23) has no driver
Warning (10034): Output port "LCD_RS" at DE2_115.sv(24) has no driver
Warning (10034): Output port "LCD_RW" at DE2_115.sv(25) has no driver
Warning (10034): Output port "UART_CTS" at DE2_115.sv(26) has no driver
Warning (10034): Output port "SD_CLK" at DE2_115.sv(34) has no driver
Warning (10034): Output port "VGA_BLANK_N" at DE2_115.sv(39) has no driver
Warning (10034): Output port "VGA_CLK" at DE2_115.sv(40) has no driver
Warning (10034): Output port "VGA_HS" at DE2_115.sv(42) has no driver
Warning (10034): Output port "VGA_SYNC_N" at DE2_115.sv(44) has no driver
Warning (10034): Output port "VGA_VS" at DE2_115.sv(45) has no driver
Warning (10034): Output port "AUD_DACDAT" at DE2_115.sv(49) has no driver
Warning (10034): Output port "AUD_XCK" at DE2_115.sv(51) has no driver
Warning (10034): Output port "EEP_I2C_SCLK" at DE2_115.sv(52) has no driver
Warning (10034): Output port "I2C_SCLK" at DE2_115.sv(54) has no driver
Warning (10034): Output port "ENET0_GTX_CLK" at DE2_115.sv(56) has no driver
Warning (10034): Output port "ENET0_MDC" at DE2_115.sv(58) has no driver
Warning (10034): Output port "ENET0_RST_N" at DE2_115.sv(60) has no driver
Warning (10034): Output port "ENET0_TX_EN" at DE2_115.sv(69) has no driver
Warning (10034): Output port "ENET0_TX_ER" at DE2_115.sv(70) has no driver
Warning (10034): Output port "ENET1_GTX_CLK" at DE2_115.sv(72) has no driver
Warning (10034): Output port "ENET1_MDC" at DE2_115.sv(74) has no driver
Warning (10034): Output port "ENET1_RST_N" at DE2_115.sv(76) has no driver
Warning (10034): Output port "ENET1_TX_EN" at DE2_115.sv(85) has no driver
Warning (10034): Output port "ENET1_TX_ER" at DE2_115.sv(86) has no driver
Warning (10034): Output port "TD_RESET_N" at DE2_115.sv(91) has no driver
Warning (10034): Output port "OTG_CS_N" at DE2_115.sv(95) has no driver
Warning (10034): Output port "OTG_WR_N" at DE2_115.sv(96) has no driver
Warning (10034): Output port "OTG_RD_N" at DE2_115.sv(97) has no driver
Warning (10034): Output port "OTG_RST_N" at DE2_115.sv(99) has no driver
Warning (10034): Output port "DRAM_CAS_N" at DE2_115.sv(103) has no driver
Warning (10034): Output port "DRAM_CKE" at DE2_115.sv(104) has no driver
Warning (10034): Output port "DRAM_CLK" at DE2_115.sv(105) has no driver
Warning (10034): Output port "DRAM_CS_N" at DE2_115.sv(106) has no driver
Warning (10034): Output port "DRAM_RAS_N" at DE2_115.sv(109) has no driver
Warning (10034): Output port "DRAM_WE_N" at DE2_115.sv(110) has no driver
Warning (10034): Output port "SRAM_CE_N" at DE2_115.sv(112) has no driver
Warning (10034): Output port "SRAM_LB_N" at DE2_115.sv(114) has no driver
Warning (10034): Output port "SRAM_OE_N" at DE2_115.sv(115) has no driver
Warning (10034): Output port "SRAM_UB_N" at DE2_115.sv(116) has no driver
Warning (10034): Output port "SRAM_WE_N" at DE2_115.sv(117) has no driver
Warning (10034): Output port "FL_CE_N" at DE2_115.sv(119) has no driver
Warning (10034): Output port "FL_OE_N" at DE2_115.sv(121) has no driver
Warning (10034): Output port "FL_RST_N" at DE2_115.sv(122) has no driver
Warning (10034): Output port "FL_WE_N" at DE2_115.sv(124) has no driver
Warning (10034): Output port "FL_WP_N" at DE2_115.sv(125) has no driver
Warning (10034): Output port "HSMC_CLKOUT_P1" at DE2_115.sv(130) has no driver
Warning (10034): Output port "HSMC_CLKOUT_P2" at DE2_115.sv(131) has no driver
Warning (10034): Output port "HSMC_CLKOUT0" at DE2_115.sv(132) has no driver
Info (12128): Elaborating entity "rsa_qsys" for hierarchy "rsa_qsys:my_qsys"
Info (12128): Elaborating entity "Rsa256Wrapper" for hierarchy "rsa_qsys:my_qsys|Rsa256Wrapper:rsa_wrapper_0"
Warning (10230): Verilog HDL assignment warning at Rsa256Wrapper.sv(106): truncated value with size 32 to match size of target (7)
Warning (10230): Verilog HDL assignment warning at Rsa256Wrapper.sv(71): truncated value with size 32 to match size of target (7)
Warning (10230): Verilog HDL assignment warning at Rsa256Wrapper.sv(185): truncated value with size 32 to match size of target (5)
Info (10018): Can't recognize finite state machine "state_r" because it has a complex reset state
Info (12128): Elaborating entity "Rsa256Core" for hierarchy "rsa_qsys:my_qsys|Rsa256Wrapper:rsa_wrapper_0|Rsa256Core:rsa256_core"
Warning (10230): Verilog HDL assignment warning at Rsa256Core.sv(351): truncated value with size 32 to match size of target (9)
Info (10018): Can't recognize finite state machine "state_r" because it has a complex reset state
Info (12128): Elaborating entity "RsaPrep" for hierarchy "rsa_qsys:my_qsys|Rsa256Wrapper:rsa_wrapper_0|Rsa256Core:rsa256_core|RsaPrep:Prep"
Warning (10230): Verilog HDL assignment warning at Rsa256Core.sv(187): truncated value with size 266 to match size of target (261)
Warning (10230): Verilog HDL assignment warning at Rsa256Core.sv(194): truncated value with size 266 to match size of target (261)
Warning (10230): Verilog HDL assignment warning at Rsa256Core.sv(199): truncated value with size 32 to match size of target (9)
Warning (10240): Verilog HDL Always Construct warning at Rsa256Core.sv(211): inferring latch(es) for variable "t_r", which holds its previous value in one or more paths through the always construct
Warning (10240): Verilog HDL Always Construct warning at Rsa256Core.sv(211): inferring latch(es) for variable "N_r", which holds its previous value in one or more paths through the always construct
Warning (10240): Verilog HDL Always Construct warning at Rsa256Core.sv(211): inferring latch(es) for variable "A_r", which holds its previous value in one or more paths through the always construct
Info (10041): Inferred latch for "A_r[0]" at Rsa256Core.sv(211)
Info (10041): Inferred latch for "A_r[1]" at Rsa256Core.sv(211)
Info (10041): Inferred latch for "A_r[2]" at Rsa256Core.sv(211)
Info (10041): Inferred latch for "A_r[3]" at Rsa256Core.sv(211)
Info (10041): Inferred latch for "A_r[4]" at Rsa256Core.sv(211)
Info (10041): Inferred latch for "A_r[5]" at Rsa256Core.sv(211)
Info (10041): Inferred latch for "A_r[6]" at Rsa256Core.sv(211)
Info (10041): Inferred latch for "A_r[7]" at Rsa256Core.sv(211)
Info (10041): Inferred latch for "A_r[8]" at Rsa256Core.sv(211)
Info (10041): Inferred latch for "A_r[9]" at Rsa256Core.sv(211)
Info (10041): Inferred latch for "A_r[10]" at Rsa256Core.sv(211)
Info (10041): Inferred latch for "A_r[11]" at Rsa256Core.sv(211)
Info (10041): Inferred latch for "A_r[12]" at Rsa256Core.sv(211)
Info (10041): Inferred latch for "A_r[13]" at Rsa256Core.sv(211)
Info (10041): Inferred latch for "A_r[14]" at Rsa256Core.sv(211)
Info (10041): Inferred latch for "A_r[15]" at Rsa256Core.sv(211)
Info (10041): Inferred latch for "A_r[16]" at Rsa256Core.sv(211)
Info (10041): Inferred latch for "A_r[17]" at Rsa256Core.sv(211)
Info (10041): Inferred latch for "A_r[18]" at Rsa256Core.sv(211)
Info (10041): Inferred latch for "A_r[19]" at Rsa256Core.sv(211)
Info (10041): Inferred latch for "A_r[20]" at Rsa256Core.sv(211)
Info (10041): Inferred latch for "A_r[21]" at Rsa256Core.sv(211)
Info (10041): Inferred latch for "A_r[22]" at Rsa256Core.sv(211)
Info (10041): Inferred latch for "A_r[23]" at Rsa256Core.sv(211)
Info (10041): Inferred latch for "A_r[24]" at Rsa256Core.sv(211)
Info (10041): Inferred latch for "A_r[25]" at Rsa256Core.sv(211)
Info (10041): Inferred latch for "A_r[26]" at Rsa256Core.sv(211)
Info (10041): Inferred latch for "A_r[27]" at Rsa256Core.sv(211)
Info (10041): Inferred latch for "A_r[28]" at Rsa256Core.sv(211)
Info (10041): Inferred latch for "A_r[29]" at Rsa256Core.sv(211)
Info (10041): Inferred latch for "A_r[30]" at Rsa256Core.sv(211)
Info (10041): Inferred latch for "A_r[31]" at Rsa256Core.sv(211)
Info (10041): Inferred latch for "A_r[32]" at Rsa256Core.sv(211)
Info (10041): Inferred latch for "A_r[33]" at Rsa256Core.sv(211)
Info (10041): Inferred latch for "A_r[34]" at Rsa256Core.sv(211)
Info (10041): Inferred latch for "A_r[35]" at Rsa256Core.sv(211)
Info (10041): Inferred latch for "A_r[36]" at Rsa256Core.sv(211)
Info (10041): Inferred latch for "A_r[37]" at Rsa256Core.sv(211)
Info (10041): Inferred latch for "A_r[38]" at Rsa256Core.sv(211)
Info (10041): Inferred latch for "A_r[39]" at Rsa256Core.sv(211)
Info (10041): Inferred latch for "A_r[40]" at Rsa256Core.sv(211)
Info (10041): Inferred latch for "A_r[41]" at Rsa256Core.sv(211)
Info (10041): Inferred latch for "A_r[42]" at Rsa256Core.sv(211)
Info (10041): Inferred latch for "A_r[43]" at Rsa256Core.sv(211)
Info (10041): Inferred latch for "A_r[44]" at Rsa256Core.sv(211)
Info (10041): Inferred latch for "A_r[45]" at Rsa256Core.sv(211)
Info (10041): Inferred latch for "A_r[46]" at Rsa256Core.sv(211)
Info (10041): Inferred latch for "A_r[47]" at Rsa256Core.sv(211)
Info (10041): Inferred latch for "A_r[48]" at Rsa256Core.sv(211)
Info (10041): Inferred latch for "A_r[49]" at Rsa256Core.sv(211)
Info (10041): Inferred latch for "A_r[50]" at Rsa256Core.sv(211)
Info (10041): Inferred latch for "A_r[51]" at Rsa256Core.sv(211)
Info (10041): Inferred latch for "A_r[52]" at Rsa256Core.sv(211)
Info (10041): Inferred latch for "A_r[53]" at Rsa256Core.sv(211)
Info (10041): Inferred latch for "A_r[54]" at Rsa256Core.sv(211)
Info (10041): Inferred latch for "A_r[55]" at Rsa256Core.sv(211)
Info (10041): Inferred latch for "A_r[56]" at Rsa256Core.sv(211)
Info (10041): Inferred latch for "A_r[57]" at Rsa256Core.sv(211)
Info (10041): Inferred latch for "A_r[58]" at Rsa256Core.sv(211)
Info (10041): Inferred latch for "A_r[59]" at Rsa256Core.sv(211)
Info (10041): Inferred latch for "A_r[60]" at Rsa256Core.sv(211)
Info (10041): Inferred latch for "A_r[61]" at Rsa256Core.sv(211)
Info (10041): Inferred latch for "A_r[62]" at Rsa256Core.sv(211)
Info (10041): Inferred latch for "A_r[63]" at Rsa256Core.sv(211)
Info (10041): Inferred latch for "A_r[64]" at Rsa256Core.sv(211)
Info (10041): Inferred latch for "A_r[65]" at Rsa256Core.sv(211)
Info (10041): Inferred latch for "A_r[66]" at Rsa256Core.sv(211)
Info (10041): Inferred latch for "A_r[67]" at Rsa256Core.sv(211)
Info (10041): Inferred latch for "A_r[68]" at Rsa256Core.sv(211)
Info (10041): Inferred latch for "A_r[69]" at Rsa256Core.sv(211)
Info (10041): Inferred latch for "A_r[70]" at Rsa256Core.sv(211)
Info (10041): Inferred latch for "A_r[71]" at Rsa256Core.sv(211)
Info (10041): Inferred latch for "A_r[72]" at Rsa256Core.sv(211)
Info (10041): Inferred latch for "A_r[73]" at Rsa256Core.sv(211)
Info (10041): Inferred latch for "A_r[74]" at Rsa256Core.sv(211)
Info (10041): Inferred latch for "A_r[75]" at Rsa256Core.sv(211)
Info (10041): Inferred latch for "A_r[76]" at Rsa256Core.sv(211)
Info (10041): Inferred latch for "A_r[77]" at Rsa256Core.sv(211)
Info (10041): Inferred latch for "A_r[78]" at Rsa256Core.sv(211)
Info (10041): Inferred latch for "A_r[79]" at Rsa256Core.sv(211)
Info (10041): Inferred latch for "A_r[80]" at Rsa256Core.sv(211)
Info (10041): Inferred latch for "A_r[81]" at Rsa256Core.sv(211)
Info (10041): Inferred latch for "A_r[82]" at Rsa256Core.sv(211)
Info (10041): Inferred latch for "A_r[83]" at Rsa256Core.sv(211)
Info (10041): Inferred latch for "A_r[84]" at Rsa256Core.sv(211)
Info (10041): Inferred latch for "A_r[85]" at Rsa256Core.sv(211)
Info (10041): Inferred latch for "A_r[86]" at Rsa256Core.sv(211)
Info (10041): Inferred latch for "A_r[87]" at Rsa256Core.sv(211)
Info (10041): Inferred latch for "A_r[88]" at Rsa256Core.sv(211)
Info (10041): Inferred latch for "A_r[89]" at Rsa256Core.sv(211)
Info (10041): Inferred latch for "A_r[90]" at Rsa256Core.sv(211)
Info (10041): Inferred latch for "A_r[91]" at Rsa256Core.sv(211)
Info (10041): Inferred latch for "A_r[92]" at Rsa256Core.sv(211)
Info (10041): Inferred latch for "A_r[93]" at Rsa256Core.sv(211)
Info (10041): Inferred latch for "A_r[94]" at Rsa256Core.sv(211)
Info (10041): Inferred latch for "A_r[95]" at Rsa256Core.sv(211)
Info (10041): Inferred latch for "A_r[96]" at Rsa256Core.sv(211)
Info (10041): Inferred latch for "A_r[97]" at Rsa256Core.sv(211)
Info (10041): Inferred latch for "A_r[98]" at Rsa256Core.sv(211)
Info (10041): Inferred latch for "A_r[99]" at Rsa256Core.sv(211)
Info (10041): Inferred latch for "A_r[100]" at Rsa256Core.sv(211)
Info (10041): Inferred latch for "A_r[101]" at Rsa256Core.sv(211)
Info (10041): Inferred latch for "A_r[102]" at Rsa256Core.sv(211)
Info (10041): Inferred latch for "A_r[103]" at Rsa256Core.sv(211)
Info (10041): Inferred latch for "A_r[104]" at Rsa256Core.sv(211)
Info (10041): Inferred latch for "A_r[105]" at Rsa256Core.sv(211)
Info (10041): Inferred latch for "A_r[106]" at Rsa256Core.sv(211)
Info (10041): Inferred latch for "A_r[107]" at Rsa256Core.sv(211)
Info (10041): Inferred latch for "A_r[108]" at Rsa256Core.sv(211)
Info (10041): Inferred latch for "A_r[109]" at Rsa256Core.sv(211)
Info (10041): Inferred latch for "A_r[110]" at Rsa256Core.sv(211)
Info (10041): Inferred latch for "A_r[111]" at Rsa256Core.sv(211)
Info (10041): Inferred latch for "A_r[112]" at Rsa256Core.sv(211)
Info (10041): Inferred latch for "A_r[113]" at Rsa256Core.sv(211)
Info (10041): Inferred latch for "A_r[114]" at Rsa256Core.sv(211)
Info (10041): Inferred latch for "A_r[115]" at Rsa256Core.sv(211)
Info (10041): Inferred latch for "A_r[116]" at Rsa256Core.sv(211)
Info (10041): Inferred latch for "A_r[117]" at Rsa256Core.sv(211)
Info (10041): Inferred latch for "A_r[118]" at Rsa256Core.sv(211)
Info (10041): Inferred latch for "A_r[119]" at Rsa256Core.sv(211)
Info (10041): Inferred latch for "A_r[120]" at Rsa256Core.sv(211)
Info (10041): Inferred latch for "A_r[121]" at Rsa256Core.sv(211)
Info (10041): Inferred latch for "A_r[122]" at Rsa256Core.sv(211)
Info (10041): Inferred latch for "A_r[123]" at Rsa256Core.sv(211)
Info (10041): Inferred latch for "A_r[124]" at Rsa256Core.sv(211)
Info (10041): Inferred latch for "A_r[125]" at Rsa256Core.sv(211)
Info (10041): Inferred latch for "A_r[126]" at Rsa256Core.sv(211)
Info (10041): Inferred latch for "A_r[127]" at Rsa256Core.sv(211)
Info (10041): Inferred latch for "A_r[128]" at Rsa256Core.sv(211)
Info (10041): Inferred latch for "A_r[129]" at Rsa256Core.sv(211)
Info (10041): Inferred latch for "A_r[130]" at Rsa256Core.sv(211)
Info (10041): Inferred latch for "A_r[131]" at Rsa256Core.sv(211)
Info (10041): Inferred latch for "A_r[132]" at Rsa256Core.sv(211)
Info (10041): Inferred latch for "A_r[133]" at Rsa256Core.sv(211)
Info (10041): Inferred latch for "A_r[134]" at Rsa256Core.sv(211)
Info (10041): Inferred latch for "A_r[135]" at Rsa256Core.sv(211)
Info (10041): Inferred latch for "A_r[136]" at Rsa256Core.sv(211)
Info (10041): Inferred latch for "A_r[137]" at Rsa256Core.sv(211)
Info (10041): Inferred latch for "A_r[138]" at Rsa256Core.sv(211)
Info (10041): Inferred latch for "A_r[139]" at Rsa256Core.sv(211)
Info (10041): Inferred latch for "A_r[140]" at Rsa256Core.sv(211)
Info (10041): Inferred latch for "A_r[141]" at Rsa256Core.sv(211)
Info (10041): Inferred latch for "A_r[142]" at Rsa256Core.sv(211)
Info (10041): Inferred latch for "A_r[143]" at Rsa256Core.sv(211)
Info (10041): Inferred latch for "A_r[144]" at Rsa256Core.sv(211)
Info (10041): Inferred latch for "A_r[145]" at Rsa256Core.sv(211)
Info (10041): Inferred latch for "A_r[146]" at Rsa256Core.sv(211)
Info (10041): Inferred latch for "A_r[147]" at Rsa256Core.sv(211)
Info (10041): Inferred latch for "A_r[148]" at Rsa256Core.sv(211)
Info (10041): Inferred latch for "A_r[149]" at Rsa256Core.sv(211)
Info (10041): Inferred latch for "A_r[150]" at Rsa256Core.sv(211)
Info (10041): Inferred latch for "A_r[151]" at Rsa256Core.sv(211)
Info (10041): Inferred latch for "A_r[152]" at Rsa256Core.sv(211)
Info (10041): Inferred latch for "A_r[153]" at Rsa256Core.sv(211)
Info (10041): Inferred latch for "A_r[154]" at Rsa256Core.sv(211)
Info (10041): Inferred latch for "A_r[155]" at Rsa256Core.sv(211)
Info (10041): Inferred latch for "A_r[156]" at Rsa256Core.sv(211)
Info (10041): Inferred latch for "A_r[157]" at Rsa256Core.sv(211)
Info (10041): Inferred latch for "A_r[158]" at Rsa256Core.sv(211)
Info (10041): Inferred latch for "A_r[159]" at Rsa256Core.sv(211)
Info (10041): Inferred latch for "A_r[160]" at Rsa256Core.sv(211)
Info (10041): Inferred latch for "A_r[161]" at Rsa256Core.sv(211)
Info (10041): Inferred latch for "A_r[162]" at Rsa256Core.sv(211)
Info (10041): Inferred latch for "A_r[163]" at Rsa256Core.sv(211)
Info (10041): Inferred latch for "A_r[164]" at Rsa256Core.sv(211)
Info (10041): Inferred latch for "A_r[165]" at Rsa256Core.sv(211)
Info (10041): Inferred latch for "A_r[166]" at Rsa256Core.sv(211)
Info (10041): Inferred latch for "A_r[167]" at Rsa256Core.sv(211)
Info (10041): Inferred latch for "A_r[168]" at Rsa256Core.sv(211)
Info (10041): Inferred latch for "A_r[169]" at Rsa256Core.sv(211)
Info (10041): Inferred latch for "A_r[170]" at Rsa256Core.sv(211)
Info (10041): Inferred latch for "A_r[171]" at Rsa256Core.sv(211)
Info (10041): Inferred latch for "A_r[172]" at Rsa256Core.sv(211)
Info (10041): Inferred latch for "A_r[173]" at Rsa256Core.sv(211)
Info (10041): Inferred latch for "A_r[174]" at Rsa256Core.sv(211)
Info (10041): Inferred latch for "A_r[175]" at Rsa256Core.sv(211)
Info (10041): Inferred latch for "A_r[176]" at Rsa256Core.sv(211)
Info (10041): Inferred latch for "A_r[177]" at Rsa256Core.sv(211)
Info (10041): Inferred latch for "A_r[178]" at Rsa256Core.sv(211)
Info (10041): Inferred latch for "A_r[179]" at Rsa256Core.sv(211)
Info (10041): Inferred latch for "A_r[180]" at Rsa256Core.sv(211)
Info (10041): Inferred latch for "A_r[181]" at Rsa256Core.sv(211)
Info (10041): Inferred latch for "A_r[182]" at Rsa256Core.sv(211)
Info (10041): Inferred latch for "A_r[183]" at Rsa256Core.sv(211)
Info (10041): Inferred latch for "A_r[184]" at Rsa256Core.sv(211)
Info (10041): Inferred latch for "A_r[185]" at Rsa256Core.sv(211)
Info (10041): Inferred latch for "A_r[186]" at Rsa256Core.sv(211)
Info (10041): Inferred latch for "A_r[187]" at Rsa256Core.sv(211)
Info (10041): Inferred latch for "A_r[188]" at Rsa256Core.sv(211)
Info (10041): Inferred latch for "A_r[189]" at Rsa256Core.sv(211)
Info (10041): Inferred latch for "A_r[190]" at Rsa256Core.sv(211)
Info (10041): Inferred latch for "A_r[191]" at Rsa256Core.sv(211)
Info (10041): Inferred latch for "A_r[192]" at Rsa256Core.sv(211)
Info (10041): Inferred latch for "A_r[193]" at Rsa256Core.sv(211)
Info (10041): Inferred latch for "A_r[194]" at Rsa256Core.sv(211)
Info (10041): Inferred latch for "A_r[195]" at Rsa256Core.sv(211)
Info (10041): Inferred latch for "A_r[196]" at Rsa256Core.sv(211)
Info (10041): Inferred latch for "A_r[197]" at Rsa256Core.sv(211)
Info (10041): Inferred latch for "A_r[198]" at Rsa256Core.sv(211)
Info (10041): Inferred latch for "A_r[199]" at Rsa256Core.sv(211)
Info (10041): Inferred latch for "A_r[200]" at Rsa256Core.sv(211)
Info (10041): Inferred latch for "A_r[201]" at Rsa256Core.sv(211)
Info (10041): Inferred latch for "A_r[202]" at Rsa256Core.sv(211)
Info (10041): Inferred latch for "A_r[203]" at Rsa256Core.sv(211)
Info (10041): Inferred latch for "A_r[204]" at Rsa256Core.sv(211)
Info (10041): Inferred latch for "A_r[205]" at Rsa256Core.sv(211)
Info (10041): Inferred latch for "A_r[206]" at Rsa256Core.sv(211)
Info (10041): Inferred latch for "A_r[207]" at Rsa256Core.sv(211)
Info (10041): Inferred latch for "A_r[208]" at Rsa256Core.sv(211)
Info (10041): Inferred latch for "A_r[209]" at Rsa256Core.sv(211)
Info (10041): Inferred latch for "A_r[210]" at Rsa256Core.sv(211)
Info (10041): Inferred latch for "A_r[211]" at Rsa256Core.sv(211)
Info (10041): Inferred latch for "A_r[212]" at Rsa256Core.sv(211)
Info (10041): Inferred latch for "A_r[213]" at Rsa256Core.sv(211)
Info (10041): Inferred latch for "A_r[214]" at Rsa256Core.sv(211)
Info (10041): Inferred latch for "A_r[215]" at Rsa256Core.sv(211)
Info (10041): Inferred latch for "A_r[216]" at Rsa256Core.sv(211)
Info (10041): Inferred latch for "A_r[217]" at Rsa256Core.sv(211)
Info (10041): Inferred latch for "A_r[218]" at Rsa256Core.sv(211)
Info (10041): Inferred latch for "A_r[219]" at Rsa256Core.sv(211)
Info (10041): Inferred latch for "A_r[220]" at Rsa256Core.sv(211)
Info (10041): Inferred latch for "A_r[221]" at Rsa256Core.sv(211)
Info (10041): Inferred latch for "A_r[222]" at Rsa256Core.sv(211)
Info (10041): Inferred latch for "A_r[223]" at Rsa256Core.sv(211)
Info (10041): Inferred latch for "A_r[224]" at Rsa256Core.sv(211)
Info (10041): Inferred latch for "A_r[225]" at Rsa256Core.sv(211)
Info (10041): Inferred latch for "A_r[226]" at Rsa256Core.sv(211)
Info (10041): Inferred latch for "A_r[227]" at Rsa256Core.sv(211)
Info (10041): Inferred latch for "A_r[228]" at Rsa256Core.sv(211)
Info (10041): Inferred latch for "A_r[229]" at Rsa256Core.sv(211)
Info (10041): Inferred latch for "A_r[230]" at Rsa256Core.sv(211)
Info (10041): Inferred latch for "A_r[231]" at Rsa256Core.sv(211)
Info (10041): Inferred latch for "A_r[232]" at Rsa256Core.sv(211)
Info (10041): Inferred latch for "A_r[233]" at Rsa256Core.sv(211)
Info (10041): Inferred latch for "A_r[234]" at Rsa256Core.sv(211)
Info (10041): Inferred latch for "A_r[235]" at Rsa256Core.sv(211)
Info (10041): Inferred latch for "A_r[236]" at Rsa256Core.sv(211)
Info (10041): Inferred latch for "A_r[237]" at Rsa256Core.sv(211)
Info (10041): Inferred latch for "A_r[238]" at Rsa256Core.sv(211)
Info (10041): Inferred latch for "A_r[239]" at Rsa256Core.sv(211)
Info (10041): Inferred latch for "A_r[240]" at Rsa256Core.sv(211)
Info (10041): Inferred latch for "A_r[241]" at Rsa256Core.sv(211)
Info (10041): Inferred latch for "A_r[242]" at Rsa256Core.sv(211)
Info (10041): Inferred latch for "A_r[243]" at Rsa256Core.sv(211)
Info (10041): Inferred latch for "A_r[244]" at Rsa256Core.sv(211)
Info (10041): Inferred latch for "A_r[245]" at Rsa256Core.sv(211)
Info (10041): Inferred latch for "A_r[246]" at Rsa256Core.sv(211)
Info (10041): Inferred latch for "A_r[247]" at Rsa256Core.sv(211)
Info (10041): Inferred latch for "A_r[248]" at Rsa256Core.sv(211)
Info (10041): Inferred latch for "A_r[249]" at Rsa256Core.sv(211)
Info (10041): Inferred latch for "A_r[250]" at Rsa256Core.sv(211)
Info (10041): Inferred latch for "A_r[251]" at Rsa256Core.sv(211)
Info (10041): Inferred latch for "A_r[252]" at Rsa256Core.sv(211)
Info (10041): Inferred latch for "A_r[253]" at Rsa256Core.sv(211)
Info (10041): Inferred latch for "A_r[254]" at Rsa256Core.sv(211)
Info (10041): Inferred latch for "A_r[255]" at Rsa256Core.sv(211)
Info (10041): Inferred latch for "A_r[256]" at Rsa256Core.sv(211)
Info (10041): Inferred latch for "N_r[0]" at Rsa256Core.sv(211)
Info (10041): Inferred latch for "N_r[1]" at Rsa256Core.sv(211)
Info (10041): Inferred latch for "N_r[2]" at Rsa256Core.sv(211)
Info (10041): Inferred latch for "N_r[3]" at Rsa256Core.sv(211)
Info (10041): Inferred latch for "N_r[4]" at Rsa256Core.sv(211)
Info (10041): Inferred latch for "N_r[5]" at Rsa256Core.sv(211)
Info (10041): Inferred latch for "N_r[6]" at Rsa256Core.sv(211)
Info (10041): Inferred latch for "N_r[7]" at Rsa256Core.sv(211)
Info (10041): Inferred latch for "N_r[8]" at Rsa256Core.sv(211)
Info (10041): Inferred latch for "N_r[9]" at Rsa256Core.sv(211)
Info (10041): Inferred latch for "N_r[10]" at Rsa256Core.sv(211)
Info (10041): Inferred latch for "N_r[11]" at Rsa256Core.sv(211)
Info (10041): Inferred latch for "N_r[12]" at Rsa256Core.sv(211)
Info (10041): Inferred latch for "N_r[13]" at Rsa256Core.sv(211)
Info (10041): Inferred latch for "N_r[14]" at Rsa256Core.sv(211)
Info (10041): Inferred latch for "N_r[15]" at Rsa256Core.sv(211)
Info (10041): Inferred latch for "N_r[16]" at Rsa256Core.sv(211)
Info (10041): Inferred latch for "N_r[17]" at Rsa256Core.sv(211)
Info (10041): Inferred latch for "N_r[18]" at Rsa256Core.sv(211)
Info (10041): Inferred latch for "N_r[19]" at Rsa256Core.sv(211)
Info (10041): Inferred latch for "N_r[20]" at Rsa256Core.sv(211)
Info (10041): Inferred latch for "N_r[21]" at Rsa256Core.sv(211)
Info (10041): Inferred latch for "N_r[22]" at Rsa256Core.sv(211)
Info (10041): Inferred latch for "N_r[23]" at Rsa256Core.sv(211)
Info (10041): Inferred latch for "N_r[24]" at Rsa256Core.sv(211)
Info (10041): Inferred latch for "N_r[25]" at Rsa256Core.sv(211)
Info (10041): Inferred latch for "N_r[26]" at Rsa256Core.sv(211)
Info (10041): Inferred latch for "N_r[27]" at Rsa256Core.sv(211)
Info (10041): Inferred latch for "N_r[28]" at Rsa256Core.sv(211)
Info (10041): Inferred latch for "N_r[29]" at Rsa256Core.sv(211)
Info (10041): Inferred latch for "N_r[30]" at Rsa256Core.sv(211)
Info (10041): Inferred latch for "N_r[31]" at Rsa256Core.sv(211)
Info (10041): Inferred latch for "N_r[32]" at Rsa256Core.sv(211)
Info (10041): Inferred latch for "N_r[33]" at Rsa256Core.sv(211)
Info (10041): Inferred latch for "N_r[34]" at Rsa256Core.sv(211)
Info (10041): Inferred latch for "N_r[35]" at Rsa256Core.sv(211)
Info (10041): Inferred latch for "N_r[36]" at Rsa256Core.sv(211)
Info (10041): Inferred latch for "N_r[37]" at Rsa256Core.sv(211)
Info (10041): Inferred latch for "N_r[38]" at Rsa256Core.sv(211)
Info (10041): Inferred latch for "N_r[39]" at Rsa256Core.sv(211)
Info (10041): Inferred latch for "N_r[40]" at Rsa256Core.sv(211)
Info (10041): Inferred latch for "N_r[41]" at Rsa256Core.sv(211)
Info (10041): Inferred latch for "N_r[42]" at Rsa256Core.sv(211)
Info (10041): Inferred latch for "N_r[43]" at Rsa256Core.sv(211)
Info (10041): Inferred latch for "N_r[44]" at Rsa256Core.sv(211)
Info (10041): Inferred latch for "N_r[45]" at Rsa256Core.sv(211)
Info (10041): Inferred latch for "N_r[46]" at Rsa256Core.sv(211)
Info (10041): Inferred latch for "N_r[47]" at Rsa256Core.sv(211)
Info (10041): Inferred latch for "N_r[48]" at Rsa256Core.sv(211)
Info (10041): Inferred latch for "N_r[49]" at Rsa256Core.sv(211)
Info (10041): Inferred latch for "N_r[50]" at Rsa256Core.sv(211)
Info (10041): Inferred latch for "N_r[51]" at Rsa256Core.sv(211)
Info (10041): Inferred latch for "N_r[52]" at Rsa256Core.sv(211)
Info (10041): Inferred latch for "N_r[53]" at Rsa256Core.sv(211)
Info (10041): Inferred latch for "N_r[54]" at Rsa256Core.sv(211)
Info (10041): Inferred latch for "N_r[55]" at Rsa256Core.sv(211)
Info (10041): Inferred latch for "N_r[56]" at Rsa256Core.sv(211)
Info (10041): Inferred latch for "N_r[57]" at Rsa256Core.sv(211)
Info (10041): Inferred latch for "N_r[58]" at Rsa256Core.sv(211)
Info (10041): Inferred latch for "N_r[59]" at Rsa256Core.sv(211)
Info (10041): Inferred latch for "N_r[60]" at Rsa256Core.sv(211)
Info (10041): Inferred latch for "N_r[61]" at Rsa256Core.sv(211)
Info (10041): Inferred latch for "N_r[62]" at Rsa256Core.sv(211)
Info (10041): Inferred latch for "N_r[63]" at Rsa256Core.sv(211)
Info (10041): Inferred latch for "N_r[64]" at Rsa256Core.sv(211)
Info (10041): Inferred latch for "N_r[65]" at Rsa256Core.sv(211)
Info (10041): Inferred latch for "N_r[66]" at Rsa256Core.sv(211)
Info (10041): Inferred latch for "N_r[67]" at Rsa256Core.sv(211)
Info (10041): Inferred latch for "N_r[68]" at Rsa256Core.sv(211)
Info (10041): Inferred latch for "N_r[69]" at Rsa256Core.sv(211)
Info (10041): Inferred latch for "N_r[70]" at Rsa256Core.sv(211)
Info (10041): Inferred latch for "N_r[71]" at Rsa256Core.sv(211)
Info (10041): Inferred latch for "N_r[72]" at Rsa256Core.sv(211)
Info (10041): Inferred latch for "N_r[73]" at Rsa256Core.sv(211)
Info (10041): Inferred latch for "N_r[74]" at Rsa256Core.sv(211)
Info (10041): Inferred latch for "N_r[75]" at Rsa256Core.sv(211)
Info (10041): Inferred latch for "N_r[76]" at Rsa256Core.sv(211)
Info (10041): Inferred latch for "N_r[77]" at Rsa256Core.sv(211)
Info (10041): Inferred latch for "N_r[78]" at Rsa256Core.sv(211)
Info (10041): Inferred latch for "N_r[79]" at Rsa256Core.sv(211)
Info (10041): Inferred latch for "N_r[80]" at Rsa256Core.sv(211)
Info (10041): Inferred latch for "N_r[81]" at Rsa256Core.sv(211)
Info (10041): Inferred latch for "N_r[82]" at Rsa256Core.sv(211)
Info (10041): Inferred latch for "N_r[83]" at Rsa256Core.sv(211)
Info (10041): Inferred latch for "N_r[84]" at Rsa256Core.sv(211)
Info (10041): Inferred latch for "N_r[85]" at Rsa256Core.sv(211)
Info (10041): Inferred latch for "N_r[86]" at Rsa256Core.sv(211)
Info (10041): Inferred latch for "N_r[87]" at Rsa256Core.sv(211)
Info (10041): Inferred latch for "N_r[88]" at Rsa256Core.sv(211)
Info (10041): Inferred latch for "N_r[89]" at Rsa256Core.sv(211)
Info (10041): Inferred latch for "N_r[90]" at Rsa256Core.sv(211)
Info (10041): Inferred latch for "N_r[91]" at Rsa256Core.sv(211)
Info (10041): Inferred latch for "N_r[92]" at Rsa256Core.sv(211)
Info (10041): Inferred latch for "N_r[93]" at Rsa256Core.sv(211)
Info (10041): Inferred latch for "N_r[94]" at Rsa256Core.sv(211)
Info (10041): Inferred latch for "N_r[95]" at Rsa256Core.sv(211)
Info (10041): Inferred latch for "N_r[96]" at Rsa256Core.sv(211)
Info (10041): Inferred latch for "N_r[97]" at Rsa256Core.sv(211)
Info (10041): Inferred latch for "N_r[98]" at Rsa256Core.sv(211)
Info (10041): Inferred latch for "N_r[99]" at Rsa256Core.sv(211)
Info (10041): Inferred latch for "N_r[100]" at Rsa256Core.sv(211)
Info (10041): Inferred latch for "N_r[101]" at Rsa256Core.sv(211)
Info (10041): Inferred latch for "N_r[102]" at Rsa256Core.sv(211)
Info (10041): Inferred latch for "N_r[103]" at Rsa256Core.sv(211)
Info (10041): Inferred latch for "N_r[104]" at Rsa256Core.sv(211)
Info (10041): Inferred latch for "N_r[105]" at Rsa256Core.sv(211)
Info (10041): Inferred latch for "N_r[106]" at Rsa256Core.sv(211)
Info (10041): Inferred latch for "N_r[107]" at Rsa256Core.sv(211)
Info (10041): Inferred latch for "N_r[108]" at Rsa256Core.sv(211)
Info (10041): Inferred latch for "N_r[109]" at Rsa256Core.sv(211)
Info (10041): Inferred latch for "N_r[110]" at Rsa256Core.sv(211)
Info (10041): Inferred latch for "N_r[111]" at Rsa256Core.sv(211)
Info (10041): Inferred latch for "N_r[112]" at Rsa256Core.sv(211)
Info (10041): Inferred latch for "N_r[113]" at Rsa256Core.sv(211)
Info (10041): Inferred latch for "N_r[114]" at Rsa256Core.sv(211)
Info (10041): Inferred latch for "N_r[115]" at Rsa256Core.sv(211)
Info (10041): Inferred latch for "N_r[116]" at Rsa256Core.sv(211)
Info (10041): Inferred latch for "N_r[117]" at Rsa256Core.sv(211)
Info (10041): Inferred latch for "N_r[118]" at Rsa256Core.sv(211)
Info (10041): Inferred latch for "N_r[119]" at Rsa256Core.sv(211)
Info (10041): Inferred latch for "N_r[120]" at Rsa256Core.sv(211)
Info (10041): Inferred latch for "N_r[121]" at Rsa256Core.sv(211)
Info (10041): Inferred latch for "N_r[122]" at Rsa256Core.sv(211)
Info (10041): Inferred latch for "N_r[123]" at Rsa256Core.sv(211)
Info (10041): Inferred latch for "N_r[124]" at Rsa256Core.sv(211)
Info (10041): Inferred latch for "N_r[125]" at Rsa256Core.sv(211)
Info (10041): Inferred latch for "N_r[126]" at Rsa256Core.sv(211)
Info (10041): Inferred latch for "N_r[127]" at Rsa256Core.sv(211)
Info (10041): Inferred latch for "N_r[128]" at Rsa256Core.sv(211)
Info (10041): Inferred latch for "N_r[129]" at Rsa256Core.sv(211)
Info (10041): Inferred latch for "N_r[130]" at Rsa256Core.sv(211)
Info (10041): Inferred latch for "N_r[131]" at Rsa256Core.sv(211)
Info (10041): Inferred latch for "N_r[132]" at Rsa256Core.sv(211)
Info (10041): Inferred latch for "N_r[133]" at Rsa256Core.sv(211)
Info (10041): Inferred latch for "N_r[134]" at Rsa256Core.sv(211)
Info (10041): Inferred latch for "N_r[135]" at Rsa256Core.sv(211)
Info (10041): Inferred latch for "N_r[136]" at Rsa256Core.sv(211)
Info (10041): Inferred latch for "N_r[137]" at Rsa256Core.sv(211)
Info (10041): Inferred latch for "N_r[138]" at Rsa256Core.sv(211)
Info (10041): Inferred latch for "N_r[139]" at Rsa256Core.sv(211)
Info (10041): Inferred latch for "N_r[140]" at Rsa256Core.sv(211)
Info (10041): Inferred latch for "N_r[141]" at Rsa256Core.sv(211)
Info (10041): Inferred latch for "N_r[142]" at Rsa256Core.sv(211)
Info (10041): Inferred latch for "N_r[143]" at Rsa256Core.sv(211)
Info (10041): Inferred latch for "N_r[144]" at Rsa256Core.sv(211)
Info (10041): Inferred latch for "N_r[145]" at Rsa256Core.sv(211)
Info (10041): Inferred latch for "N_r[146]" at Rsa256Core.sv(211)
Info (10041): Inferred latch for "N_r[147]" at Rsa256Core.sv(211)
Info (10041): Inferred latch for "N_r[148]" at Rsa256Core.sv(211)
Info (10041): Inferred latch for "N_r[149]" at Rsa256Core.sv(211)
Info (10041): Inferred latch for "N_r[150]" at Rsa256Core.sv(211)
Info (10041): Inferred latch for "N_r[151]" at Rsa256Core.sv(211)
Info (10041): Inferred latch for "N_r[152]" at Rsa256Core.sv(211)
Info (10041): Inferred latch for "N_r[153]" at Rsa256Core.sv(211)
Info (10041): Inferred latch for "N_r[154]" at Rsa256Core.sv(211)
Info (10041): Inferred latch for "N_r[155]" at Rsa256Core.sv(211)
Info (10041): Inferred latch for "N_r[156]" at Rsa256Core.sv(211)
Info (10041): Inferred latch for "N_r[157]" at Rsa256Core.sv(211)
Info (10041): Inferred latch for "N_r[158]" at Rsa256Core.sv(211)
Info (10041): Inferred latch for "N_r[159]" at Rsa256Core.sv(211)
Info (10041): Inferred latch for "N_r[160]" at Rsa256Core.sv(211)
Info (10041): Inferred latch for "N_r[161]" at Rsa256Core.sv(211)
Info (10041): Inferred latch for "N_r[162]" at Rsa256Core.sv(211)
Info (10041): Inferred latch for "N_r[163]" at Rsa256Core.sv(211)
Info (10041): Inferred latch for "N_r[164]" at Rsa256Core.sv(211)
Info (10041): Inferred latch for "N_r[165]" at Rsa256Core.sv(211)
Info (10041): Inferred latch for "N_r[166]" at Rsa256Core.sv(211)
Info (10041): Inferred latch for "N_r[167]" at Rsa256Core.sv(211)
Info (10041): Inferred latch for "N_r[168]" at Rsa256Core.sv(211)
Info (10041): Inferred latch for "N_r[169]" at Rsa256Core.sv(211)
Info (10041): Inferred latch for "N_r[170]" at Rsa256Core.sv(211)
Info (10041): Inferred latch for "N_r[171]" at Rsa256Core.sv(211)
Info (10041): Inferred latch for "N_r[172]" at Rsa256Core.sv(211)
Info (10041): Inferred latch for "N_r[173]" at Rsa256Core.sv(211)
Info (10041): Inferred latch for "N_r[174]" at Rsa256Core.sv(211)
Info (10041): Inferred latch for "N_r[175]" at Rsa256Core.sv(211)
Info (10041): Inferred latch for "N_r[176]" at Rsa256Core.sv(211)
Info (10041): Inferred latch for "N_r[177]" at Rsa256Core.sv(211)
Info (10041): Inferred latch for "N_r[178]" at Rsa256Core.sv(211)
Info (10041): Inferred latch for "N_r[179]" at Rsa256Core.sv(211)
Info (10041): Inferred latch for "N_r[180]" at Rsa256Core.sv(211)
Info (10041): Inferred latch for "N_r[181]" at Rsa256Core.sv(211)
Info (10041): Inferred latch for "N_r[182]" at Rsa256Core.sv(211)
Info (10041): Inferred latch for "N_r[183]" at Rsa256Core.sv(211)
Info (10041): Inferred latch for "N_r[184]" at Rsa256Core.sv(211)
Info (10041): Inferred latch for "N_r[185]" at Rsa256Core.sv(211)
Info (10041): Inferred latch for "N_r[186]" at Rsa256Core.sv(211)
Info (10041): Inferred latch for "N_r[187]" at Rsa256Core.sv(211)
Info (10041): Inferred latch for "N_r[188]" at Rsa256Core.sv(211)
Info (10041): Inferred latch for "N_r[189]" at Rsa256Core.sv(211)
Info (10041): Inferred latch for "N_r[190]" at Rsa256Core.sv(211)
Info (10041): Inferred latch for "N_r[191]" at Rsa256Core.sv(211)
Info (10041): Inferred latch for "N_r[192]" at Rsa256Core.sv(211)
Info (10041): Inferred latch for "N_r[193]" at Rsa256Core.sv(211)
Info (10041): Inferred latch for "N_r[194]" at Rsa256Core.sv(211)
Info (10041): Inferred latch for "N_r[195]" at Rsa256Core.sv(211)
Info (10041): Inferred latch for "N_r[196]" at Rsa256Core.sv(211)
Info (10041): Inferred latch for "N_r[197]" at Rsa256Core.sv(211)
Info (10041): Inferred latch for "N_r[198]" at Rsa256Core.sv(211)
Info (10041): Inferred latch for "N_r[199]" at Rsa256Core.sv(211)
Info (10041): Inferred latch for "N_r[200]" at Rsa256Core.sv(211)
Info (10041): Inferred latch for "N_r[201]" at Rsa256Core.sv(211)
Info (10041): Inferred latch for "N_r[202]" at Rsa256Core.sv(211)
Info (10041): Inferred latch for "N_r[203]" at Rsa256Core.sv(211)
Info (10041): Inferred latch for "N_r[204]" at Rsa256Core.sv(211)
Info (10041): Inferred latch for "N_r[205]" at Rsa256Core.sv(211)
Info (10041): Inferred latch for "N_r[206]" at Rsa256Core.sv(211)
Info (10041): Inferred latch for "N_r[207]" at Rsa256Core.sv(211)
Info (10041): Inferred latch for "N_r[208]" at Rsa256Core.sv(211)
Info (10041): Inferred latch for "N_r[209]" at Rsa256Core.sv(211)
Info (10041): Inferred latch for "N_r[210]" at Rsa256Core.sv(211)
Info (10041): Inferred latch for "N_r[211]" at Rsa256Core.sv(211)
Info (10041): Inferred latch for "N_r[212]" at Rsa256Core.sv(211)
Info (10041): Inferred latch for "N_r[213]" at Rsa256Core.sv(211)
Info (10041): Inferred latch for "N_r[214]" at Rsa256Core.sv(211)
Info (10041): Inferred latch for "N_r[215]" at Rsa256Core.sv(211)
Info (10041): Inferred latch for "N_r[216]" at Rsa256Core.sv(211)
Info (10041): Inferred latch for "N_r[217]" at Rsa256Core.sv(211)
Info (10041): Inferred latch for "N_r[218]" at Rsa256Core.sv(211)
Info (10041): Inferred latch for "N_r[219]" at Rsa256Core.sv(211)
Info (10041): Inferred latch for "N_r[220]" at Rsa256Core.sv(211)
Info (10041): Inferred latch for "N_r[221]" at Rsa256Core.sv(211)
Info (10041): Inferred latch for "N_r[222]" at Rsa256Core.sv(211)
Info (10041): Inferred latch for "N_r[223]" at Rsa256Core.sv(211)
Info (10041): Inferred latch for "N_r[224]" at Rsa256Core.sv(211)
Info (10041): Inferred latch for "N_r[225]" at Rsa256Core.sv(211)
Info (10041): Inferred latch for "N_r[226]" at Rsa256Core.sv(211)
Info (10041): Inferred latch for "N_r[227]" at Rsa256Core.sv(211)
Info (10041): Inferred latch for "N_r[228]" at Rsa256Core.sv(211)
Info (10041): Inferred latch for "N_r[229]" at Rsa256Core.sv(211)
Info (10041): Inferred latch for "N_r[230]" at Rsa256Core.sv(211)
Info (10041): Inferred latch for "N_r[231]" at Rsa256Core.sv(211)
Info (10041): Inferred latch for "N_r[232]" at Rsa256Core.sv(211)
Info (10041): Inferred latch for "N_r[233]" at Rsa256Core.sv(211)
Info (10041): Inferred latch for "N_r[234]" at Rsa256Core.sv(211)
Info (10041): Inferred latch for "N_r[235]" at Rsa256Core.sv(211)
Info (10041): Inferred latch for "N_r[236]" at Rsa256Core.sv(211)
Info (10041): Inferred latch for "N_r[237]" at Rsa256Core.sv(211)
Info (10041): Inferred latch for "N_r[238]" at Rsa256Core.sv(211)
Info (10041): Inferred latch for "N_r[239]" at Rsa256Core.sv(211)
Info (10041): Inferred latch for "N_r[240]" at Rsa256Core.sv(211)
Info (10041): Inferred latch for "N_r[241]" at Rsa256Core.sv(211)
Info (10041): Inferred latch for "N_r[242]" at Rsa256Core.sv(211)
Info (10041): Inferred latch for "N_r[243]" at Rsa256Core.sv(211)
Info (10041): Inferred latch for "N_r[244]" at Rsa256Core.sv(211)
Info (10041): Inferred latch for "N_r[245]" at Rsa256Core.sv(211)
Info (10041): Inferred latch for "N_r[246]" at Rsa256Core.sv(211)
Info (10041): Inferred latch for "N_r[247]" at Rsa256Core.sv(211)
Info (10041): Inferred latch for "N_r[248]" at Rsa256Core.sv(211)
Info (10041): Inferred latch for "N_r[249]" at Rsa256Core.sv(211)
Info (10041): Inferred latch for "N_r[250]" at Rsa256Core.sv(211)
Info (10041): Inferred latch for "N_r[251]" at Rsa256Core.sv(211)
Info (10041): Inferred latch for "N_r[252]" at Rsa256Core.sv(211)
Info (10041): Inferred latch for "N_r[253]" at Rsa256Core.sv(211)
Info (10041): Inferred latch for "N_r[254]" at Rsa256Core.sv(211)
Info (10041): Inferred latch for "N_r[255]" at Rsa256Core.sv(211)
Info (10041): Inferred latch for "N_r[256]" at Rsa256Core.sv(211)
Info (10041): Inferred latch for "N_r[257]" at Rsa256Core.sv(211)
Info (10041): Inferred latch for "N_r[258]" at Rsa256Core.sv(211)
Info (10041): Inferred latch for "N_r[259]" at Rsa256Core.sv(211)
Info (10041): Inferred latch for "N_r[260]" at Rsa256Core.sv(211)
Info (10041): Inferred latch for "t_r[0]" at Rsa256Core.sv(211)
Info (10041): Inferred latch for "t_r[1]" at Rsa256Core.sv(211)
Info (10041): Inferred latch for "t_r[2]" at Rsa256Core.sv(211)
Info (10041): Inferred latch for "t_r[3]" at Rsa256Core.sv(211)
Info (10041): Inferred latch for "t_r[4]" at Rsa256Core.sv(211)
Info (10041): Inferred latch for "t_r[5]" at Rsa256Core.sv(211)
Info (10041): Inferred latch for "t_r[6]" at Rsa256Core.sv(211)
Info (10041): Inferred latch for "t_r[7]" at Rsa256Core.sv(211)
Info (10041): Inferred latch for "t_r[8]" at Rsa256Core.sv(211)
Info (10041): Inferred latch for "t_r[9]" at Rsa256Core.sv(211)
Info (10041): Inferred latch for "t_r[10]" at Rsa256Core.sv(211)
Info (10041): Inferred latch for "t_r[11]" at Rsa256Core.sv(211)
Info (10041): Inferred latch for "t_r[12]" at Rsa256Core.sv(211)
Info (10041): Inferred latch for "t_r[13]" at Rsa256Core.sv(211)
Info (10041): Inferred latch for "t_r[14]" at Rsa256Core.sv(211)
Info (10041): Inferred latch for "t_r[15]" at Rsa256Core.sv(211)
Info (10041): Inferred latch for "t_r[16]" at Rsa256Core.sv(211)
Info (10041): Inferred latch for "t_r[17]" at Rsa256Core.sv(211)
Info (10041): Inferred latch for "t_r[18]" at Rsa256Core.sv(211)
Info (10041): Inferred latch for "t_r[19]" at Rsa256Core.sv(211)
Info (10041): Inferred latch for "t_r[20]" at Rsa256Core.sv(211)
Info (10041): Inferred latch for "t_r[21]" at Rsa256Core.sv(211)
Info (10041): Inferred latch for "t_r[22]" at Rsa256Core.sv(211)
Info (10041): Inferred latch for "t_r[23]" at Rsa256Core.sv(211)
Info (10041): Inferred latch for "t_r[24]" at Rsa256Core.sv(211)
Info (10041): Inferred latch for "t_r[25]" at Rsa256Core.sv(211)
Info (10041): Inferred latch for "t_r[26]" at Rsa256Core.sv(211)
Info (10041): Inferred latch for "t_r[27]" at Rsa256Core.sv(211)
Info (10041): Inferred latch for "t_r[28]" at Rsa256Core.sv(211)
Info (10041): Inferred latch for "t_r[29]" at Rsa256Core.sv(211)
Info (10041): Inferred latch for "t_r[30]" at Rsa256Core.sv(211)
Info (10041): Inferred latch for "t_r[31]" at Rsa256Core.sv(211)
Info (10041): Inferred latch for "t_r[32]" at Rsa256Core.sv(211)
Info (10041): Inferred latch for "t_r[33]" at Rsa256Core.sv(211)
Info (10041): Inferred latch for "t_r[34]" at Rsa256Core.sv(211)
Info (10041): Inferred latch for "t_r[35]" at Rsa256Core.sv(211)
Info (10041): Inferred latch for "t_r[36]" at Rsa256Core.sv(211)
Info (10041): Inferred latch for "t_r[37]" at Rsa256Core.sv(211)
Info (10041): Inferred latch for "t_r[38]" at Rsa256Core.sv(211)
Info (10041): Inferred latch for "t_r[39]" at Rsa256Core.sv(211)
Info (10041): Inferred latch for "t_r[40]" at Rsa256Core.sv(211)
Info (10041): Inferred latch for "t_r[41]" at Rsa256Core.sv(211)
Info (10041): Inferred latch for "t_r[42]" at Rsa256Core.sv(211)
Info (10041): Inferred latch for "t_r[43]" at Rsa256Core.sv(211)
Info (10041): Inferred latch for "t_r[44]" at Rsa256Core.sv(211)
Info (10041): Inferred latch for "t_r[45]" at Rsa256Core.sv(211)
Info (10041): Inferred latch for "t_r[46]" at Rsa256Core.sv(211)
Info (10041): Inferred latch for "t_r[47]" at Rsa256Core.sv(211)
Info (10041): Inferred latch for "t_r[48]" at Rsa256Core.sv(211)
Info (10041): Inferred latch for "t_r[49]" at Rsa256Core.sv(211)
Info (10041): Inferred latch for "t_r[50]" at Rsa256Core.sv(211)
Info (10041): Inferred latch for "t_r[51]" at Rsa256Core.sv(211)
Info (10041): Inferred latch for "t_r[52]" at Rsa256Core.sv(211)
Info (10041): Inferred latch for "t_r[53]" at Rsa256Core.sv(211)
Info (10041): Inferred latch for "t_r[54]" at Rsa256Core.sv(211)
Info (10041): Inferred latch for "t_r[55]" at Rsa256Core.sv(211)
Info (10041): Inferred latch for "t_r[56]" at Rsa256Core.sv(211)
Info (10041): Inferred latch for "t_r[57]" at Rsa256Core.sv(211)
Info (10041): Inferred latch for "t_r[58]" at Rsa256Core.sv(211)
Info (10041): Inferred latch for "t_r[59]" at Rsa256Core.sv(211)
Info (10041): Inferred latch for "t_r[60]" at Rsa256Core.sv(211)
Info (10041): Inferred latch for "t_r[61]" at Rsa256Core.sv(211)
Info (10041): Inferred latch for "t_r[62]" at Rsa256Core.sv(211)
Info (10041): Inferred latch for "t_r[63]" at Rsa256Core.sv(211)
Info (10041): Inferred latch for "t_r[64]" at Rsa256Core.sv(211)
Info (10041): Inferred latch for "t_r[65]" at Rsa256Core.sv(211)
Info (10041): Inferred latch for "t_r[66]" at Rsa256Core.sv(211)
Info (10041): Inferred latch for "t_r[67]" at Rsa256Core.sv(211)
Info (10041): Inferred latch for "t_r[68]" at Rsa256Core.sv(211)
Info (10041): Inferred latch for "t_r[69]" at Rsa256Core.sv(211)
Info (10041): Inferred latch for "t_r[70]" at Rsa256Core.sv(211)
Info (10041): Inferred latch for "t_r[71]" at Rsa256Core.sv(211)
Info (10041): Inferred latch for "t_r[72]" at Rsa256Core.sv(211)
Info (10041): Inferred latch for "t_r[73]" at Rsa256Core.sv(211)
Info (10041): Inferred latch for "t_r[74]" at Rsa256Core.sv(211)
Info (10041): Inferred latch for "t_r[75]" at Rsa256Core.sv(211)
Info (10041): Inferred latch for "t_r[76]" at Rsa256Core.sv(211)
Info (10041): Inferred latch for "t_r[77]" at Rsa256Core.sv(211)
Info (10041): Inferred latch for "t_r[78]" at Rsa256Core.sv(211)
Info (10041): Inferred latch for "t_r[79]" at Rsa256Core.sv(211)
Info (10041): Inferred latch for "t_r[80]" at Rsa256Core.sv(211)
Info (10041): Inferred latch for "t_r[81]" at Rsa256Core.sv(211)
Info (10041): Inferred latch for "t_r[82]" at Rsa256Core.sv(211)
Info (10041): Inferred latch for "t_r[83]" at Rsa256Core.sv(211)
Info (10041): Inferred latch for "t_r[84]" at Rsa256Core.sv(211)
Info (10041): Inferred latch for "t_r[85]" at Rsa256Core.sv(211)
Info (10041): Inferred latch for "t_r[86]" at Rsa256Core.sv(211)
Info (10041): Inferred latch for "t_r[87]" at Rsa256Core.sv(211)
Info (10041): Inferred latch for "t_r[88]" at Rsa256Core.sv(211)
Info (10041): Inferred latch for "t_r[89]" at Rsa256Core.sv(211)
Info (10041): Inferred latch for "t_r[90]" at Rsa256Core.sv(211)
Info (10041): Inferred latch for "t_r[91]" at Rsa256Core.sv(211)
Info (10041): Inferred latch for "t_r[92]" at Rsa256Core.sv(211)
Info (10041): Inferred latch for "t_r[93]" at Rsa256Core.sv(211)
Info (10041): Inferred latch for "t_r[94]" at Rsa256Core.sv(211)
Info (10041): Inferred latch for "t_r[95]" at Rsa256Core.sv(211)
Info (10041): Inferred latch for "t_r[96]" at Rsa256Core.sv(211)
Info (10041): Inferred latch for "t_r[97]" at Rsa256Core.sv(211)
Info (10041): Inferred latch for "t_r[98]" at Rsa256Core.sv(211)
Info (10041): Inferred latch for "t_r[99]" at Rsa256Core.sv(211)
Info (10041): Inferred latch for "t_r[100]" at Rsa256Core.sv(211)
Info (10041): Inferred latch for "t_r[101]" at Rsa256Core.sv(211)
Info (10041): Inferred latch for "t_r[102]" at Rsa256Core.sv(211)
Info (10041): Inferred latch for "t_r[103]" at Rsa256Core.sv(211)
Info (10041): Inferred latch for "t_r[104]" at Rsa256Core.sv(211)
Info (10041): Inferred latch for "t_r[105]" at Rsa256Core.sv(211)
Info (10041): Inferred latch for "t_r[106]" at Rsa256Core.sv(211)
Info (10041): Inferred latch for "t_r[107]" at Rsa256Core.sv(211)
Info (10041): Inferred latch for "t_r[108]" at Rsa256Core.sv(211)
Info (10041): Inferred latch for "t_r[109]" at Rsa256Core.sv(211)
Info (10041): Inferred latch for "t_r[110]" at Rsa256Core.sv(211)
Info (10041): Inferred latch for "t_r[111]" at Rsa256Core.sv(211)
Info (10041): Inferred latch for "t_r[112]" at Rsa256Core.sv(211)
Info (10041): Inferred latch for "t_r[113]" at Rsa256Core.sv(211)
Info (10041): Inferred latch for "t_r[114]" at Rsa256Core.sv(211)
Info (10041): Inferred latch for "t_r[115]" at Rsa256Core.sv(211)
Info (10041): Inferred latch for "t_r[116]" at Rsa256Core.sv(211)
Info (10041): Inferred latch for "t_r[117]" at Rsa256Core.sv(211)
Info (10041): Inferred latch for "t_r[118]" at Rsa256Core.sv(211)
Info (10041): Inferred latch for "t_r[119]" at Rsa256Core.sv(211)
Info (10041): Inferred latch for "t_r[120]" at Rsa256Core.sv(211)
Info (10041): Inferred latch for "t_r[121]" at Rsa256Core.sv(211)
Info (10041): Inferred latch for "t_r[122]" at Rsa256Core.sv(211)
Info (10041): Inferred latch for "t_r[123]" at Rsa256Core.sv(211)
Info (10041): Inferred latch for "t_r[124]" at Rsa256Core.sv(211)
Info (10041): Inferred latch for "t_r[125]" at Rsa256Core.sv(211)
Info (10041): Inferred latch for "t_r[126]" at Rsa256Core.sv(211)
Info (10041): Inferred latch for "t_r[127]" at Rsa256Core.sv(211)
Info (10041): Inferred latch for "t_r[128]" at Rsa256Core.sv(211)
Info (10041): Inferred latch for "t_r[129]" at Rsa256Core.sv(211)
Info (10041): Inferred latch for "t_r[130]" at Rsa256Core.sv(211)
Info (10041): Inferred latch for "t_r[131]" at Rsa256Core.sv(211)
Info (10041): Inferred latch for "t_r[132]" at Rsa256Core.sv(211)
Info (10041): Inferred latch for "t_r[133]" at Rsa256Core.sv(211)
Info (10041): Inferred latch for "t_r[134]" at Rsa256Core.sv(211)
Info (10041): Inferred latch for "t_r[135]" at Rsa256Core.sv(211)
Info (10041): Inferred latch for "t_r[136]" at Rsa256Core.sv(211)
Info (10041): Inferred latch for "t_r[137]" at Rsa256Core.sv(211)
Info (10041): Inferred latch for "t_r[138]" at Rsa256Core.sv(211)
Info (10041): Inferred latch for "t_r[139]" at Rsa256Core.sv(211)
Info (10041): Inferred latch for "t_r[140]" at Rsa256Core.sv(211)
Info (10041): Inferred latch for "t_r[141]" at Rsa256Core.sv(211)
Info (10041): Inferred latch for "t_r[142]" at Rsa256Core.sv(211)
Info (10041): Inferred latch for "t_r[143]" at Rsa256Core.sv(211)
Info (10041): Inferred latch for "t_r[144]" at Rsa256Core.sv(211)
Info (10041): Inferred latch for "t_r[145]" at Rsa256Core.sv(211)
Info (10041): Inferred latch for "t_r[146]" at Rsa256Core.sv(211)
Info (10041): Inferred latch for "t_r[147]" at Rsa256Core.sv(211)
Info (10041): Inferred latch for "t_r[148]" at Rsa256Core.sv(211)
Info (10041): Inferred latch for "t_r[149]" at Rsa256Core.sv(211)
Info (10041): Inferred latch for "t_r[150]" at Rsa256Core.sv(211)
Info (10041): Inferred latch for "t_r[151]" at Rsa256Core.sv(211)
Info (10041): Inferred latch for "t_r[152]" at Rsa256Core.sv(211)
Info (10041): Inferred latch for "t_r[153]" at Rsa256Core.sv(211)
Info (10041): Inferred latch for "t_r[154]" at Rsa256Core.sv(211)
Info (10041): Inferred latch for "t_r[155]" at Rsa256Core.sv(211)
Info (10041): Inferred latch for "t_r[156]" at Rsa256Core.sv(211)
Info (10041): Inferred latch for "t_r[157]" at Rsa256Core.sv(211)
Info (10041): Inferred latch for "t_r[158]" at Rsa256Core.sv(211)
Info (10041): Inferred latch for "t_r[159]" at Rsa256Core.sv(211)
Info (10041): Inferred latch for "t_r[160]" at Rsa256Core.sv(211)
Info (10041): Inferred latch for "t_r[161]" at Rsa256Core.sv(211)
Info (10041): Inferred latch for "t_r[162]" at Rsa256Core.sv(211)
Info (10041): Inferred latch for "t_r[163]" at Rsa256Core.sv(211)
Info (10041): Inferred latch for "t_r[164]" at Rsa256Core.sv(211)
Info (10041): Inferred latch for "t_r[165]" at Rsa256Core.sv(211)
Info (10041): Inferred latch for "t_r[166]" at Rsa256Core.sv(211)
Info (10041): Inferred latch for "t_r[167]" at Rsa256Core.sv(211)
Info (10041): Inferred latch for "t_r[168]" at Rsa256Core.sv(211)
Info (10041): Inferred latch for "t_r[169]" at Rsa256Core.sv(211)
Info (10041): Inferred latch for "t_r[170]" at Rsa256Core.sv(211)
Info (10041): Inferred latch for "t_r[171]" at Rsa256Core.sv(211)
Info (10041): Inferred latch for "t_r[172]" at Rsa256Core.sv(211)
Info (10041): Inferred latch for "t_r[173]" at Rsa256Core.sv(211)
Info (10041): Inferred latch for "t_r[174]" at Rsa256Core.sv(211)
Info (10041): Inferred latch for "t_r[175]" at Rsa256Core.sv(211)
Info (10041): Inferred latch for "t_r[176]" at Rsa256Core.sv(211)
Info (10041): Inferred latch for "t_r[177]" at Rsa256Core.sv(211)
Info (10041): Inferred latch for "t_r[178]" at Rsa256Core.sv(211)
Info (10041): Inferred latch for "t_r[179]" at Rsa256Core.sv(211)
Info (10041): Inferred latch for "t_r[180]" at Rsa256Core.sv(211)
Info (10041): Inferred latch for "t_r[181]" at Rsa256Core.sv(211)
Info (10041): Inferred latch for "t_r[182]" at Rsa256Core.sv(211)
Info (10041): Inferred latch for "t_r[183]" at Rsa256Core.sv(211)
Info (10041): Inferred latch for "t_r[184]" at Rsa256Core.sv(211)
Info (10041): Inferred latch for "t_r[185]" at Rsa256Core.sv(211)
Info (10041): Inferred latch for "t_r[186]" at Rsa256Core.sv(211)
Info (10041): Inferred latch for "t_r[187]" at Rsa256Core.sv(211)
Info (10041): Inferred latch for "t_r[188]" at Rsa256Core.sv(211)
Info (10041): Inferred latch for "t_r[189]" at Rsa256Core.sv(211)
Info (10041): Inferred latch for "t_r[190]" at Rsa256Core.sv(211)
Info (10041): Inferred latch for "t_r[191]" at Rsa256Core.sv(211)
Info (10041): Inferred latch for "t_r[192]" at Rsa256Core.sv(211)
Info (10041): Inferred latch for "t_r[193]" at Rsa256Core.sv(211)
Info (10041): Inferred latch for "t_r[194]" at Rsa256Core.sv(211)
Info (10041): Inferred latch for "t_r[195]" at Rsa256Core.sv(211)
Info (10041): Inferred latch for "t_r[196]" at Rsa256Core.sv(211)
Info (10041): Inferred latch for "t_r[197]" at Rsa256Core.sv(211)
Info (10041): Inferred latch for "t_r[198]" at Rsa256Core.sv(211)
Info (10041): Inferred latch for "t_r[199]" at Rsa256Core.sv(211)
Info (10041): Inferred latch for "t_r[200]" at Rsa256Core.sv(211)
Info (10041): Inferred latch for "t_r[201]" at Rsa256Core.sv(211)
Info (10041): Inferred latch for "t_r[202]" at Rsa256Core.sv(211)
Info (10041): Inferred latch for "t_r[203]" at Rsa256Core.sv(211)
Info (10041): Inferred latch for "t_r[204]" at Rsa256Core.sv(211)
Info (10041): Inferred latch for "t_r[205]" at Rsa256Core.sv(211)
Info (10041): Inferred latch for "t_r[206]" at Rsa256Core.sv(211)
Info (10041): Inferred latch for "t_r[207]" at Rsa256Core.sv(211)
Info (10041): Inferred latch for "t_r[208]" at Rsa256Core.sv(211)
Info (10041): Inferred latch for "t_r[209]" at Rsa256Core.sv(211)
Info (10041): Inferred latch for "t_r[210]" at Rsa256Core.sv(211)
Info (10041): Inferred latch for "t_r[211]" at Rsa256Core.sv(211)
Info (10041): Inferred latch for "t_r[212]" at Rsa256Core.sv(211)
Info (10041): Inferred latch for "t_r[213]" at Rsa256Core.sv(211)
Info (10041): Inferred latch for "t_r[214]" at Rsa256Core.sv(211)
Info (10041): Inferred latch for "t_r[215]" at Rsa256Core.sv(211)
Info (10041): Inferred latch for "t_r[216]" at Rsa256Core.sv(211)
Info (10041): Inferred latch for "t_r[217]" at Rsa256Core.sv(211)
Info (10041): Inferred latch for "t_r[218]" at Rsa256Core.sv(211)
Info (10041): Inferred latch for "t_r[219]" at Rsa256Core.sv(211)
Info (10041): Inferred latch for "t_r[220]" at Rsa256Core.sv(211)
Info (10041): Inferred latch for "t_r[221]" at Rsa256Core.sv(211)
Info (10041): Inferred latch for "t_r[222]" at Rsa256Core.sv(211)
Info (10041): Inferred latch for "t_r[223]" at Rsa256Core.sv(211)
Info (10041): Inferred latch for "t_r[224]" at Rsa256Core.sv(211)
Info (10041): Inferred latch for "t_r[225]" at Rsa256Core.sv(211)
Info (10041): Inferred latch for "t_r[226]" at Rsa256Core.sv(211)
Info (10041): Inferred latch for "t_r[227]" at Rsa256Core.sv(211)
Info (10041): Inferred latch for "t_r[228]" at Rsa256Core.sv(211)
Info (10041): Inferred latch for "t_r[229]" at Rsa256Core.sv(211)
Info (10041): Inferred latch for "t_r[230]" at Rsa256Core.sv(211)
Info (10041): Inferred latch for "t_r[231]" at Rsa256Core.sv(211)
Info (10041): Inferred latch for "t_r[232]" at Rsa256Core.sv(211)
Info (10041): Inferred latch for "t_r[233]" at Rsa256Core.sv(211)
Info (10041): Inferred latch for "t_r[234]" at Rsa256Core.sv(211)
Info (10041): Inferred latch for "t_r[235]" at Rsa256Core.sv(211)
Info (10041): Inferred latch for "t_r[236]" at Rsa256Core.sv(211)
Info (10041): Inferred latch for "t_r[237]" at Rsa256Core.sv(211)
Info (10041): Inferred latch for "t_r[238]" at Rsa256Core.sv(211)
Info (10041): Inferred latch for "t_r[239]" at Rsa256Core.sv(211)
Info (10041): Inferred latch for "t_r[240]" at Rsa256Core.sv(211)
Info (10041): Inferred latch for "t_r[241]" at Rsa256Core.sv(211)
Info (10041): Inferred latch for "t_r[242]" at Rsa256Core.sv(211)
Info (10041): Inferred latch for "t_r[243]" at Rsa256Core.sv(211)
Info (10041): Inferred latch for "t_r[244]" at Rsa256Core.sv(211)
Info (10041): Inferred latch for "t_r[245]" at Rsa256Core.sv(211)
Info (10041): Inferred latch for "t_r[246]" at Rsa256Core.sv(211)
Info (10041): Inferred latch for "t_r[247]" at Rsa256Core.sv(211)
Info (10041): Inferred latch for "t_r[248]" at Rsa256Core.sv(211)
Info (10041): Inferred latch for "t_r[249]" at Rsa256Core.sv(211)
Info (10041): Inferred latch for "t_r[250]" at Rsa256Core.sv(211)
Info (10041): Inferred latch for "t_r[251]" at Rsa256Core.sv(211)
Info (10041): Inferred latch for "t_r[252]" at Rsa256Core.sv(211)
Info (10041): Inferred latch for "t_r[253]" at Rsa256Core.sv(211)
Info (10041): Inferred latch for "t_r[254]" at Rsa256Core.sv(211)
Info (10041): Inferred latch for "t_r[255]" at Rsa256Core.sv(211)
Info (10041): Inferred latch for "t_r[256]" at Rsa256Core.sv(211)
Info (10041): Inferred latch for "t_r[257]" at Rsa256Core.sv(211)
Info (10041): Inferred latch for "t_r[258]" at Rsa256Core.sv(211)
Info (10041): Inferred latch for "t_r[259]" at Rsa256Core.sv(211)
Info (10041): Inferred latch for "t_r[260]" at Rsa256Core.sv(211)
Info (10018): Can't recognize finite state machine "state_r" because it has a complex reset state
Info (12128): Elaborating entity "RsaMont" for hierarchy "rsa_qsys:my_qsys|Rsa256Wrapper:rsa_wrapper_0|Rsa256Core:rsa256_core|RsaMont:Montm"
Warning (10230): Verilog HDL assignment warning at Rsa256Core.sv(63): truncated value with size 32 to match size of target (8)
Warning (10240): Verilog HDL Always Construct warning at Rsa256Core.sv(31): inferring latch(es) for variable "m_w_1", which holds its previous value in one or more paths through the always construct
Error (10166): SystemVerilog RTL Coding error at Rsa256Core.sv(31): always_comb construct does not infer purely combinational logic. File: C:/Users/team06/Desktop/Digital-Circuit/lab2/src/Rsa256Core.sv Line: 31
Error (12152): Can't elaborate user hierarchy "rsa_qsys:my_qsys|Rsa256Wrapper:rsa_wrapper_0|Rsa256Core:rsa256_core|RsaMont:Montm" File: C:/Users/team06/Desktop/Digital-Circuit/lab2/src/Rsa256Core.sv Line: 295
Error: Quartus II 64-Bit Analysis & Synthesis was unsuccessful. 2 errors, 85 warnings
    Error: Peak virtual memory: 4809 megabytes
    Error: Processing ended: Mon Oct 10 16:26:43 2022
    Error: Elapsed time: 00:00:11
    Error: Total CPU time (on all processors): 00:00:19


